---
source: syn-state-machine/src/impls/tuple.rs
expression: "crate::parse::<(Ident, FIdent<\"world\">)>(::quote::quote! { hello world })"
---
Ok(
    (
        (
            Ident(
                hello,
            ),
            FIdent(
                Ident(
                    world,
                ),
            ),
        ),
        0,
    ),
)
