---
source: syn-state-machine/src/impls/interlace.rs
expression: "crate::parse::<InterlaceTrail<Ident,\n        FPunct<','>>>(::quote::quote! { hi, hello })"
---
Ok(
    (
        InterlaceTrail(
            [
                Ident(
                    hi,
                ),
                Ident(
                    hello,
                ),
            ],
            [
                FPunct,
            ],
        ),
        0,
    ),
)
