---
source: syn-state-machine/src/impls/grouping.rs
expression: "crate::parse::<(Ident, Group<Ident>,\n        Ident)>(::quote::quote! { hello(world) hi })"
---
Ok(
    (
        (
            Ident(
                hello,
            ),
            Group(
                Ident(
                    world,
                ),
                Parenthesis,
            ),
            Ident(
                hi,
            ),
        ),
        0,
    ),
)
