---
source: syn-state-machine/src/impls/punct.rs
expression: "crate::parse::<(FPunct<'$'>, FIdent<\"crate\">)>(::quote::quote! { $crate })"
---
Ok(
    (
        (
            FPunct,
            FIdent(
                Ident(
                    crate,
                ),
            ),
        ),
        0,
    ),
)
