---
source: syn-state-machine/src/common_tokens/path/qualified.rs
expression: "crate::parse::<QualifiedPathInType<Ident>>(::quote::quote! {\n            < hello as Default > :: Default\n        })"
---
Ok(
    (
        QualifiedPathInType(
            QualifiedPathType {
                ty: Ident(
                    hello,
                ),
                as: Some(
                    TypePath {
                        leading: false,
                        segments: [
                            Simple {
                                id: Id(
                                    Ident(
                                        Default,
                                    ),
                                ),
                            },
                        ],
                    },
                ),
            },
            [
                Simple {
                    id: Id(
                        Ident(
                            Default,
                        ),
                    ),
                },
            ],
        ),
        0,
    ),
)
