---
source: syn-state-machine/src/common_tokens/path/expressions.rs
expression: "crate::parse::<PathInExpression<Ident>>(::quote::quote! {\n            usize :: hello :: < Hello, World >\n        })"
---
Ok(
    (
        PathInExpression {
            leading: false,
            segments: [
                PathExprSegment(
                    Id(
                        Ident(
                            usize,
                        ),
                    ),
                    None,
                ),
                PathExprSegment(
                    Id(
                        Ident(
                            hello,
                        ),
                    ),
                    Some(
                        GenericArgs(
                            [
                                Type(
                                    Ident(
                                        Hello,
                                    ),
                                ),
                                Type(
                                    Ident(
                                        World,
                                    ),
                                ),
                            ],
                        ),
                    ),
                ),
            ],
        },
        0,
    ),
)
