---
source: syn-state-machine/src/common_tokens/path/types.rs
expression: "crate::parse::<TypePath<Paren<()>>>(::quote::quote! { Fn() -> () })"
---
Ok(
    (
        TypePath {
            leading: false,
            segments: [
                TypePathFn {
                    id: Id(
                        Ident(
                            Fn,
                        ),
                    ),
                    path_fn: TypePathFn {
                        args: [],
                        out: Some(
                            Paren(
                                (),
                            ),
                        ),
                    },
                },
            ],
        },
        0,
    ),
)
