---
source: src/rust/names/paths.rs
expression: "insta_match_test!(+ parse GenericArgs<TypePath<Infallible>> : < 'a, T, hello\n    :: world >)"
---
Ok(
    GenericArgs {
        args: Interlace {
            values: [
                Lt(
                    LifetimeToken {
                        ident: Ident(
                            a,
                        ),
                    },
                ),
                Ty(
                    HigherOrderPath {
                        leading: false,
                        segments: Interlace {
                            values: [
                                Bare(
                                    Id(
                                        Ident(
                                            T,
                                        ),
                                    ),
                                ),
                            ],
                        },
                    },
                ),
                Ty(
                    HigherOrderPath {
                        leading: false,
                        segments: Interlace {
                            values: [
                                Bare(
                                    Id(
                                        Ident(
                                            hello,
                                        ),
                                    ),
                                ),
                                Bare(
                                    Id(
                                        Ident(
                                            world,
                                        ),
                                    ),
                                ),
                            ],
                        },
                    },
                ),
            ],
        },
    },
)
