---
source: src/rust/names/paths.rs
expression: "insta_match_test!(+ parse TypePath<Ident> : hello :: world)"
---
Ok(
    HigherOrderPath {
        leading: false,
        segments: Interlace {
            values: [
                Bare(
                    Id(
                        Ident(
                            hello,
                        ),
                    ),
                ),
                Bare(
                    Id(
                        Ident(
                            world,
                        ),
                    ),
                ),
            ],
        },
    },
)
