---
source: src/rust/names/paths.rs
expression: "crate::parse::<TypePath<Ident>>(q.clone())"
---
Ok(
    HigherOrderPath {
        leading: false,
        segments: Interlace {
            values: [
                Generic(
                    Id(
                        Ident(
                            hello,
                        ),
                    ),
                    GenericArgs {
                        args: Interlace {
                            values: [
                                Ty(
                                    Ident(
                                        Hi,
                                    ),
                                ),
                            ],
                        },
                    },
                ),
            ],
        },
    },
)
