---
source: src/rust/names/paths.rs
expression: "insta_match_test!(+ parse GenericArgs<Infallible> : < 'a >)"
---
Ok(
    GenericArgs {
        args: Interlace {
            values: [
                Lt(
                    LifetimeToken {
                        ident: Ident(
                            a,
                        ),
                    },
                ),
            ],
        },
    },
)
