---
source: src/rust/names/paths.rs
expression: "insta_match_test!(+ parse GenericArgs<TypePath<Infallible>> : < hello :: world\n    >)"
---
Ok(
    GenericArgs(
        Interlace {
            values: [
                Ty(
                    HigherOrderPath {
                        leading: false,
                        segments: MinLength(
                            Interlace {
                                values: [
                                    Bare(
                                        Id(
                                            Identifier(
                                                Ident(
                                                    hello,
                                                ),
                                            ),
                                        ),
                                    ),
                                    Bare(
                                        Id(
                                            Identifier(
                                                Ident(
                                                    world,
                                                ),
                                            ),
                                        ),
                                    ),
                                ],
                            },
                        ),
                    },
                ),
            ],
        },
    ),
)
