---
source: src/rust/names/paths.rs
expression: "insta_match_test!(+ parse TypePath<Ident> : hello)"
---
Ok(
    HigherOrderPath {
        leading: false,
        segments: MinLength(
            Interlace {
                values: [
                    Bare(
                        Id(
                            Identifier(
                                Ident(
                                    hello,
                                ),
                            ),
                        ),
                    ),
                ],
            },
        ),
    },
)
