---
source: src/rust/names/paths.rs
expression: "insta_match_test!(+ parse TypePath<Infallible> : Fn())"
---
Ok(
    HigherOrderPath {
        leading: false,
        segments: MinLength(
            Interlace {
                values: [
                    Fn(
                        Id(
                            Identifier(
                                Ident(
                                    Fn,
                                ),
                            ),
                        ),
                        TypePathFn {
                            args: Paren(
                                Interlace {
                                    values: [],
                                },
                                Span,
                            ),
                            returns: None,
                        },
                    ),
                ],
            },
        ),
    },
)
