---
source: src/rust/names/paths.rs
expression: "insta_match_test!(+ parse GenericArgs<Ident> : < T >)"
---
Ok(
    GenericArgs {
        args: Interlace {
            values: [
                Ty(
                    Ident(
                        T,
                    ),
                ),
            ],
        },
    },
)
