---
source: src/rust/names/paths.rs
expression: "insta_match_test!(+ parse QualifiedPathInType<Ident> : < hello as Default > ::\n    Default)"
---
Ok(
    QualifiedPathInType {
        qualifier: QualifiedPathType {
            ty: Ident(
                hello,
            ),
            as_ty: Some(
                HigherOrderPath {
                    leading: false,
                    segments: Interlace {
                        values: [
                            Bare(
                                Id(
                                    Ident(
                                        Default,
                                    ),
                                ),
                            ),
                        ],
                    },
                },
            ),
        },
        path: Rep(
            [
                P2(
                    P2(
                        FJointPunct(
                            Span,
                        ),
                        FPunct(
                            Span,
                        ),
                    ),
                    Bare(
                        Id(
                            Ident(
                                Default,
                            ),
                        ),
                    ),
                ),
            ],
        ),
    },
)
