---
source: src/rust/atoms/proc_macro_items.rs
expression: "(insta_match_test!(+ parse Bracket<Ident> : [hello]),\n    insta_match_test!(* peek Bracket<Ident> : [hello]))"
---
(
    Ok(
        Bracket(
            Ident(
                hello,
            ),
            Span,
        ),
    ),
    Some(
        3,
    ),
)
