---
source: src/rust/atoms/proc_macro_items.rs
expression: "(insta_match_test!(+ parse (FPunct<'$'>, FIdent<\"crate\">) : $crate),\n    insta_match_test!(* peek (FPunct<'$'>, FIdent<\"crate\">) : $crate))"
---
(
    Ok(
        (
            FPunct(
                Span,
            ),
            FIdent(
                Span,
            ),
        ),
    ),
    Some(
        2,
    ),
)
