---
source: src/rust/atoms/proc_macro_items.rs
expression: "(insta_match_test!(+ parse Paren<Ident> : (hello)),\n    insta_match_test!(* peek Paren<Ident> : (hello)))"
---
(
    Ok(
        Paren(
            Ident(
                hello,
            ),
            Span,
        ),
    ),
    Some(
        3,
    ),
)
