---
source: syn-state-machine/src/common_tokens/use_declarations.rs
expression: "crate::parse::<UseDeclaration>(::quote::quote! { use hello :: world ; })"
---
Ok(
    (
        UseDeclaration(
            Standard(
                SimplePath {
                    leading_double_colon: false,
                    segments: [
                        Id(
                            Ident(
                                hello,
                            ),
                        ),
                        Id(
                            Ident(
                                world,
                            ),
                        ),
                    ],
                },
                None,
            ),
        ),
        0,
    ),
)
