---
source: syn-state-machine/src/common_tokens/generic_args.rs
expression: "crate::parse::<GenericArgs<TypePath<Infallible>>>(::quote::quote! {\n            < 'a, T, hello :: world >\n        })"
---
Ok(
    (
        GenericArgs(
            [
                Lifetime(
                    Lifetime(
                        Ident(
                            a,
                        ),
                    ),
                ),
                Type(
                    TypePath {
                        leading: false,
                        segments: [
                            Simple {
                                id: Id(
                                    Ident(
                                        T,
                                    ),
                                ),
                            },
                        ],
                    },
                ),
                Type(
                    TypePath {
                        leading: false,
                        segments: [
                            Simple {
                                id: Id(
                                    Ident(
                                        hello,
                                    ),
                                ),
                            },
                            Simple {
                                id: Id(
                                    Ident(
                                        world,
                                    ),
                                ),
                            },
                        ],
                    },
                ),
            ],
        ),
        0,
    ),
)
