---
source: syn-state-machine/src/common_tokens/type_alias.rs
expression: "crate::parse::<TypeAlias<Infallible,\n        Ident>>(::quote::quote! { type Point = (u8, u8) ; })"
---
Err(
    G(
        Val(
            Punct {
                char: '=',
                spacing: Alone,
            },
        ),
    ),
)
