---
source: syn-state-machine/src/common_tokens/enumerations.rs
expression: "crate::parse::<EnumItem<Infallible,\n        Ident>>(::quote::quote! { Block { hello : World } })"
---
Ok(
    (
        Block {
            id: Ident(
                Block,
            ),
            attrs: [],
            block: InterlaceTrail(
                [
                    StructField {
                        attr: [],
                        vis: None,
                        id: Ident(
                            hello,
                        ),
                        ty: Ident(
                            World,
                        ),
                    },
                ],
                [],
            ),
            vis: None,
            desc: None,
        },
        0,
    ),
)
