---
source: syn-state-machine/src/common_tokens/types.rs
expression: "crate::parse::<TupleType<Ident>>(::quote::quote! { (Hello, World) })"
---
Ok(
    (
        TupleType(
            [
                Ident(
                    Hello,
                ),
                Ident(
                    World,
                ),
            ],
        ),
        0,
    ),
)
