---
source: syn-state-machine/src/common_tokens/enumerations.rs
expression: "crate::parse::<EnumItem<Infallible, Ident>>(::quote::quote! { Block(World) })"
---
Ok(
    (
        Tuple {
            id: Ident(
                Block,
            ),
            attrs: [],
            tuple: InterlaceTrail(
                [
                    TupleField {
                        attr: [],
                        vis: None,
                        ty: Ident(
                            World,
                        ),
                    },
                ],
                [],
            ),
            vis: None,
            desc: None,
        },
        0,
    ),
)
