---
source: syn-state-machine/src/common_tokens/visibility.rs
expression: "crate::parse::<Visibility>(::quote::quote! { pub(in super :: super) })"
---
Ok(
    (
        PubIn(
            SimplePath {
                leading_double_colon: false,
                segments: [
                    Id(
                        Ident(
                            super,
                        ),
                    ),
                    Id(
                        Ident(
                            super,
                        ),
                    ),
                ],
            },
        ),
        0,
    ),
)
