---
source: syn-state-machine/src/common_tokens/unions.rs
expression: "crate::parse::<Union<Infallible,\n        Ident>>(::quote::quote! { union MyUnion { f1 : u32, f2 : f32, } })"
---
Ok(
    (
        Union {
            id: Ident(
                MyUnion,
            ),
            genetic_params: None,
            where_clause: None,
            fields: InterlaceTrail(
                [
                    StructField {
                        attr: [],
                        vis: None,
                        id: Ident(
                            f1,
                        ),
                        ty: Ident(
                            u32,
                        ),
                    },
                    StructField {
                        attr: [],
                        vis: None,
                        id: Ident(
                            f2,
                        ),
                        ty: Ident(
                            f32,
                        ),
                    },
                ],
                [
                    FPunct,
                    FPunct,
                ],
            ),
        },
        0,
    ),
)
