---
source: syn-state-machine/src/common_tokens/structs.rs
expression: "crate::parse::<Struct<Infallible,\n        std::convert::Infallible>>(::quote::quote! { struct Unit ; })"
---
Ok(
    (
        Unit(
            UnitStruct(
                Ident(
                    Unit,
                ),
            ),
        ),
        0,
    ),
)
