---
source: syn-state-machine/src/common_tokens/attr.rs
expression: "crate::parse::<OuterAttr<(Ident,\n        Paren<Ident>)>>(::quote::quote! { #[hello(world)] })"
---
Ok(
    (
        OuterAttr(
            (
                Ident(
                    hello,
                ),
                Paren(
                    Ident(
                        world,
                    ),
                ),
            ),
        ),
        0,
    ),
)
