---
source: syn-state-machine/src/common_tokens/enumerations.rs
expression: "crate::parse::<EnumItem<Infallible, Ident>>(::quote::quote! { Block })"
---
Ok(
    (
        Unit {
            id: Ident(
                Block,
            ),
            attrs: [],
            vis: None,
            desc: None,
        },
        0,
    ),
)
