---
source: syn-state-machine/src/common_tokens/types.rs
expression: "crate::parse::<Type<Infallible>>(::quote::quote! { impl Hi })"
---
Ok(
    (
        NoBounds(
            ImplTraitOneBound(
                ImplTraitTypeOneBound(
                    TraitBound {
                        q: false,
                        for: None,
                        ty: TypePath {
                            leading: false,
                            segments: [
                                Simple {
                                    id: Id(
                                        Ident(
                                            Hi,
                                        ),
                                    ),
                                },
                            ],
                        },
                    },
                ),
            ),
        ),
        0,
    ),
)
