---
source: syn-state-machine/src/common_tokens/bounds.rs
expression: "crate::parse::<LifetimeBounds>(::quote::quote! { 'a + 'b })"
---
Ok(
    (
        LifetimeBounds(
            [
                Lifetime(
                    Ident(
                        a,
                    ),
                ),
                Lifetime(
                    Ident(
                        b,
                    ),
                ),
            ],
        ),
        0,
    ),
)
