---
source: src/type_atoms/typed_literals.rs
expression: "(insta_match_test!(+ parse StringLit : \"Hello World\"),\n    insta_match_test!(* peek StringLit : \"Hello World\"))"
---
(
    Ok(
        StringLit {
            raw: "\"Hello World\"",
            value: None,
            num_hashes: None,
            start_suffix: 13,
        },
    ),
    Some(
        1,
    ),
)
