---
source: src/type_atoms/proc_macro_items.rs
expression: "(insta_match_test!(+ parse Brace<Ident> : { hello }),\n    insta_match_test!(* peek Brace<Ident> : { hello }))"
---
(
    Ok(
        Brace(
            Ident(
                hello,
            ),
            Span,
        ),
    ),
    Some(
        3,
    ),
)
