---
source: src/type_atoms/adt.rs
expression: "(insta_match_test!(+ parse (Option<Ident>, Option<Punct>) : hi),\n    insta_match_test!(* peek (Option<Ident>, Option<Punct>) : hi))"
---
(
    Ok(
        (
            Some(
                Ident(
                    hi,
                ),
            ),
            None,
        ),
    ),
    Some(
        1,
    ),
)
