---
source: src/type_atoms/adt.rs
expression: "(insta_match_test!(+ + (FPunct<','>, FPunct<':'>, FPunct<';'>, FPunct<'-'>) :,\n        : ; -),\n    insta_match_test!(* * (FPunct<','>, FPunct<':'>, FPunct<';'>, FPunct<'-'>)\n        :, : ; -))"
---
(
    Ok(
        (
            FPunct(
                Span,
            ),
            FPunct(
                Span,
            ),
            FPunct(
                Span,
            ),
            FPunct(
                Span,
            ),
        ),
    ),
    Some(
        4,
    ),
)
