---
source: src/type_atoms/adt.rs
expression: "(insta_match_test!(+ parse Sum2<Ident, Punct> : <),\n    insta_match_test!(* peek Sum2<Ident, Punct> : <))"
---
(
    Ok(
        V1(
            Punct {
                char: '<',
                spacing: Alone,
            },
        ),
    ),
    Some(
        1,
    ),
)
