---
source: src/rust/items/modules.rs
expression: "crate::parse::<Module<P<Infallible>, Ident>>(q.clone())"
---
Ok(
    Inline(
        false,
        Ident(
            hello,
        ),
        P(
            (
                Rep(
                    [],
                ),
                Rep(
                    [
                        Ident(
                            hello,
                        ),
                        Ident(
                            world,
                        ),
                    ],
                ),
            ),
        ),
    ),
)
