---
source: src/rust/items/extern_crate.rs
expression: "insta_match_test!(+ parse ExternCrate : extern crate hi as _ ;)"
---
Ok(
    ExternCrate {
        crate_ref: CrateRef(
            Ident(
                hi,
            ),
        ),
        as_clause: Some(
            AsClause {
                id: IdentifierOrUnder(
                    Ident(
                        _,
                    ),
                ),
            },
        ),
    },
)
