---
source: src/rust/items/type_aliases.rs
expression: "insta_match_test!(+ parse TypeAlias<Infallible, Type<Infallible>> : type Point\n    = (u8, u8) ;)"
---
Ok(
    TypeAlias {
        id: Ident(
            Point,
        ),
        generic_parameters: None,
        bounds: None,
        where_clause: None,
        eq: Some(
            (
                NoBounds(
                    TupleType(
                        Paren(
                            Interlace {
                                values: [
                                    NoBounds(
                                        TypePath(
                                            HigherOrderPath {
                                                leading: false,
                                                segments: Interlace {
                                                    values: [
                                                        Bare(
                                                            Id(
                                                                Ident(
                                                                    u8,
                                                                ),
                                                            ),
                                                        ),
                                                    ],
                                                },
                                            },
                                        ),
                                    ),
                                    NoBounds(
                                        TypePath(
                                            HigherOrderPath {
                                                leading: false,
                                                segments: Interlace {
                                                    values: [
                                                        Bare(
                                                            Id(
                                                                Ident(
                                                                    u8,
                                                                ),
                                                            ),
                                                        ),
                                                    ],
                                                },
                                            },
                                        ),
                                    ),
                                ],
                            },
                            Span,
                        ),
                    ),
                ),
                None,
            ),
        ),
    },
)
