---
source: src/rust/items/implementations.rs
expression: "crate::parse::<Implementation<Infallible, Type<Infallible>, Infallible,\n        Ident>>(q.clone())"
---
Ok(
    Inherent(
        InherentImpl {
            generic_parameters: Some(
                GenericParams {
                    params: Interlace {
                        values: [
                            Ty(
                                Rep(
                                    [],
                                ),
                                TypeParam {
                                    id: Ident(
                                        T,
                                    ),
                                    bound: None,
                                    ty: None,
                                },
                            ),
                        ],
                    },
                },
            ),
            ty: NoBounds(
                TypePath(
                    HigherOrderPath {
                        leading: false,
                        segments: Interlace {
                            values: [
                                Generic(
                                    Id(
                                        Ident(
                                            Option,
                                        ),
                                    ),
                                    GenericArgs {
                                        args: Interlace {
                                            values: [
                                                Ty(
                                                    NoBounds(
                                                        TypePath(
                                                            HigherOrderPath {
                                                                leading: false,
                                                                segments: Interlace {
                                                                    values: [
                                                                        Bare(
                                                                            Id(
                                                                                Ident(
                                                                                    T,
                                                                                ),
                                                                            ),
                                                                        ),
                                                                    ],
                                                                },
                                                            },
                                                        ),
                                                    ),
                                                ),
                                            ],
                                        },
                                    },
                                ),
                            ],
                        },
                    },
                ),
            ),
            where_clause: None,
            items: P2(
                Rep(
                    [],
                ),
                Rep(
                    [
                        Function(
                            Rep(
                                [],
                            ),
                            Some(
                                Pub,
                            ),
                            Function {
                                qualifiers: FunctionQualifiers {
                                    const: false,
                                    async: false,
                                    unsafe: false,
                                    extern_abi: None,
                                },
                                id: Ident(
                                    is_some,
                                ),
                                generic_parameters: None,
                                params: Paren(
                                    FunctionParameters {
                                        self_param: None,
                                        params: Interlace {
                                            values: [
                                                Ty(
                                                    Rep(
                                                        [],
                                                    ),
                                                    NoBounds(
                                                        ReferenceType(
                                                            ReferenceType {
                                                                lt: None,
                                                                mut: false,
                                                                ty: NoBounds(
                                                                    TypePath(
                                                                        HigherOrderPath {
                                                                            leading: false,
                                                                            segments: Interlace {
                                                                                values: [
                                                                                    Bare(
                                                                                        Id(
                                                                                            Ident(
                                                                                                self,
                                                                                            ),
                                                                                        ),
                                                                                    ),
                                                                                ],
                                                                            },
                                                                        },
                                                                    ),
                                                                ),
                                                            },
                                                        ),
                                                    ),
                                                ),
                                            ],
                                        },
                                    },
                                    Span,
                                ),
                                ret: Some(
                                    NoBounds(
                                        TypePath(
                                            HigherOrderPath {
                                                leading: false,
                                                segments: Interlace {
                                                    values: [
                                                        Bare(
                                                            Id(
                                                                Ident(
                                                                    bool,
                                                                ),
                                                            ),
                                                        ),
                                                    ],
                                                },
                                            },
                                        ),
                                    ),
                                ),
                                where_clause: None,
                                content: V0(
                                    FPunct(
                                        Span,
                                    ),
                                ),
                            },
                        ),
                    ],
                ),
            ),
        },
    ),
)
