---
source: src/rust/items/use_declarations.rs
expression: "insta_match_test!(+ parse UseDeclaration : use hello :: world ;)"
---
Ok(
    UseDeclaration {
        tree: Simple(
            HigherOrderPath {
                leading: false,
                segments: Interlace {
                    values: [
                        Identifier(
                            Identifier(
                                Ident(
                                    hello,
                                ),
                            ),
                        ),
                        Identifier(
                            Identifier(
                                Ident(
                                    world,
                                ),
                            ),
                        ),
                    ],
                },
            },
            None,
        ),
    },
)
