---
source: src/rust/attributes.rs
expression: "crate::parse::<OuterAttribute<P<(Ident, Paren<Ident>)>>>(q.clone())"
---
Ok(
    OuterAttribute {
        content: P(
            (
                Ident(
                    hello,
                ),
                Paren(
                    Ident(
                        world,
                    ),
                    Span,
                ),
            ),
        ),
    },
)
