---
source: src/type_atoms/adt/interlace.rs
expression: "crate::parse::<P<(Interlace<Ident, P<(FJointPunct<':'>, FPunct<':'>)>>,\n        P<(FPunct<'>'>, FPunct<';'>)>)>>(q.clone())"
---
Ok(
    P(
        (
            Interlace {
                values: [
                    Ident(
                        hello,
                    ),
                ],
            },
            P(
                (
                    FPunct(
                        Span,
                    ),
                    FPunct(
                        Span,
                    ),
                ),
            ),
        ),
    ),
)
