---
source: src/type_atoms/adt/vec.rs
expression: "crate::parse::<Rep<P<(Ident, P<Option<Punct>>)>>>(q.clone())"
---
Ok(
    Rep(
        [
            P(
                (
                    Ident(
                        hello,
                    ),
                    P(
                        Some(
                            Punct {
                                char: '<',
                                spacing: Alone,
                            },
                        ),
                    ),
                ),
            ),
            P(
                (
                    Ident(
                        world,
                    ),
                    P(
                        None,
                    ),
                ),
            ),
            P(
                (
                    Ident(
                        hi,
                    ),
                    P(
                        None,
                    ),
                ),
            ),
        ],
    ),
)
