---
source: src/type_atoms/adt/vec.rs
expression: "crate::parse::<Rep<P<(Ident, Ident)>>>(q.clone())"
---
Ok(
    Rep(
        [
            P(
                (
                    Ident(
                        hello,
                    ),
                    Ident(
                        world,
                    ),
                ),
            ),
        ],
    ),
)
