---
source: src/type_atoms/adt/interlace.rs
expression: "crate::parse::<Interlace<P<(Ident, P<Option<Ident>>)>,\n        Rep<FPunct<','>>>>(q.clone())"
---
Ok(
    Interlace {
        values: [
            P(
                (
                    Ident(
                        hello,
                    ),
                    P(
                        Some(
                            Ident(
                                hi,
                            ),
                        ),
                    ),
                ),
            ),
            P(
                (
                    Ident(
                        world,
                    ),
                    P(
                        None,
                    ),
                ),
            ),
            P(
                (
                    Ident(
                        hi,
                    ),
                    P(
                        None,
                    ),
                ),
            ),
            P(
                (
                    Ident(
                        there,
                    ),
                    P(
                        Some(
                            Ident(
                                hello,
                            ),
                        ),
                    ),
                ),
            ),
            P(
                (
                    Ident(
                        world,
                    ),
                    P(
                        None,
                    ),
                ),
            ),
            P(
                (
                    Ident(
                        hi,
                    ),
                    P(
                        None,
                    ),
                ),
            ),
            P(
                (
                    Ident(
                        there,
                    ),
                    P(
                        None,
                    ),
                ),
            ),
        ],
    },
)
