---
source: src/type_atoms/adt/tuple.rs
expression: "crate::parse::<P<(Rep<P<(Punct, Punct, Ident, Ident)>>, Punct)>>(q.clone())"
---
Ok(
    P(
        (
            Rep(
                [
                    P(
                        (
                            Punct {
                                char: '>',
                                spacing: Joint,
                            },
                            Punct {
                                char: '>',
                                spacing: Alone,
                            },
                            Ident(
                                h1,
                            ),
                            Ident(
                                h2,
                            ),
                        ),
                    ),
                    P(
                        (
                            Punct {
                                char: '>',
                                spacing: Joint,
                            },
                            Punct {
                                char: '>',
                                spacing: Alone,
                            },
                            Ident(
                                h3,
                            ),
                            Ident(
                                h4,
                            ),
                        ),
                    ),
                ],
            ),
            Punct {
                char: '!',
                spacing: Alone,
            },
        ),
    ),
)
