---
source: src/type_atoms/adt/interlace.rs
expression: "crate::parse::<(Interlace<Ident, (FJointPunct<':'>, FPunct<':'>)>,\n        (FPunct<'>'>, FPunct<';'>))>(q.clone())"
---
Ok(
    (
        Interlace {
            values: [
                Ident(
                    hello,
                ),
            ],
        },
        (
            FPunct(
                Span,
            ),
            FPunct(
                Span,
            ),
        ),
    ),
)
