---
source: src/type_atoms/adt/interlace.rs
expression: "(insta_match_test!(+ parse Interlace<(Ident, Rep<Ident>), Rep<FPunct<','>>> :\n        hello hi world,,, hi, there),\n    insta_match_test!(* peek Interlace<(Ident, Rep<Ident>), Rep<FPunct<','>>>\n        : hello hi world,,, hi, there))"
---
(
    Ok(
        Interlace {
            values: [
                (
                    Ident(
                        hello,
                    ),
                    Rep(
                        [
                            Ident(
                                hi,
                            ),
                            Ident(
                                world,
                            ),
                        ],
                    ),
                ),
                (
                    Ident(
                        hi,
                    ),
                    Rep(
                        [],
                    ),
                ),
                (
                    Ident(
                        there,
                    ),
                    Rep(
                        [],
                    ),
                ),
            ],
        },
    ),
    Some(
        9,
    ),
)
