---
source: src/type_atoms/adt/vec.rs
expression: "crate::parse::<Rep<(Ident, Option<(Two, Ident)>, Two)>>(q.clone())"
---
Ok(
    Rep(
        [
            (
                Ident(
                    r1,
                ),
                Some(
                    (
                        (
                            FPunct(
                                Span,
                            ),
                            FPunct(
                                Span,
                            ),
                        ),
                        Ident(
                            r2,
                        ),
                    ),
                ),
                (
                    FPunct(
                        Span,
                    ),
                    FPunct(
                        Span,
                    ),
                ),
            ),
            (
                Ident(
                    r3,
                ),
                Some(
                    (
                        (
                            FPunct(
                                Span,
                            ),
                            FPunct(
                                Span,
                            ),
                        ),
                        Ident(
                            r4,
                        ),
                    ),
                ),
                (
                    FPunct(
                        Span,
                    ),
                    FPunct(
                        Span,
                    ),
                ),
            ),
            (
                Ident(
                    r5,
                ),
                None,
                (
                    FPunct(
                        Span,
                    ),
                    FPunct(
                        Span,
                    ),
                ),
            ),
        ],
    ),
)
