---
source: src/type_atoms/adt/vec.rs
expression: "(insta_match_test!(+ parse Rep<(Ident, Option<Punct>)> : hello < world hi),\n    insta_match_test!(* peek Rep<(Ident, Option<Punct>)> : hello < world hi))"
---
(
    Ok(
        Rep(
            [
                (
                    Ident(
                        hello,
                    ),
                    Some(
                        Punct {
                            char: '<',
                            spacing: Alone,
                        },
                    ),
                ),
                (
                    Ident(
                        world,
                    ),
                    None,
                ),
                (
                    Ident(
                        hi,
                    ),
                    None,
                ),
            ],
        ),
    ),
    Some(
        4,
    ),
)
