---
source: src/type_atoms/adt/tuple.rs
expression: "crate::parse::<P<(P<Option<Ident>>, P<Option<Punct>>)>>(q.clone())"
---
Ok(
    P(
        (
            P(
                None,
            ),
            P(
                Some(
                    Punct {
                        char: '<',
                        spacing: Alone,
                    },
                ),
            ),
        ),
    ),
)
