---
source: src/type_atoms/adt/vec.rs
expression: "(insta_match_test!(+ parse Rep<Ident> : hello world hi),\n    insta_match_test!(* peek Rep<Ident> : hello world hi))"
---
(
    Ok(
        Rep(
            [
                Ident(
                    hello,
                ),
                Ident(
                    world,
                ),
                Ident(
                    hi,
                ),
            ],
        ),
    ),
    Some(
        3,
    ),
)
