---
source: src/rust/type_system/types.rs
expression: "crate::parse::<Type<P<Infallible>>>(q.clone())"
---
Ok(
    NoBounds(
        TupleType(
            TupleType {
                elements: Interlace {
                    values: [
                        NoBounds(
                            TypePath(
                                HigherOrderPath {
                                    leading: false,
                                    segments: Interlace {
                                        values: [
                                            Bare(
                                                Id(
                                                    Ident(
                                                        i32,
                                                    ),
                                                ),
                                            ),
                                        ],
                                    },
                                },
                            ),
                        ),
                        NoBounds(
                            TypePath(
                                HigherOrderPath {
                                    leading: false,
                                    segments: Interlace {
                                        values: [
                                            Generic(
                                                Id(
                                                    Ident(
                                                        Option,
                                                    ),
                                                ),
                                                GenericArgs {
                                                    args: Interlace {
                                                        values: [
                                                            Ty(
                                                                NoBounds(
                                                                    TypePath(
                                                                        HigherOrderPath {
                                                                            leading: false,
                                                                            segments: Interlace {
                                                                                values: [
                                                                                    Bare(
                                                                                        Id(
                                                                                            Ident(
                                                                                                String,
                                                                                            ),
                                                                                        ),
                                                                                    ),
                                                                                ],
                                                                            },
                                                                        },
                                                                    ),
                                                                ),
                                                            ),
                                                        ],
                                                    },
                                                },
                                            ),
                                        ],
                                    },
                                },
                            ),
                        ),
                        NoBounds(
                            TypePath(
                                HigherOrderPath {
                                    leading: false,
                                    segments: Interlace {
                                        values: [
                                            Bare(
                                                Id(
                                                    Ident(
                                                        f64,
                                                    ),
                                                ),
                                            ),
                                        ],
                                    },
                                },
                            ),
                        ),
                    ],
                },
            },
        ),
    ),
)
