---
source: src/rust/type_system/trait_and_lifetime_bounds.rs
expression: "crate::parse::<TraitBound<Infallible, SimplePath>>(q.clone())"
---
Ok(
    TraitBound {
        q: false,
        for_lts: None,
        path: HigherOrderPath {
            leading: false,
            segments: Interlace {
                values: [
                    Bare(
                        Id(
                            Ident(
                                std,
                            ),
                        ),
                    ),
                    Bare(
                        Id(
                            Ident(
                                fmt,
                            ),
                        ),
                    ),
                    Bare(
                        Id(
                            Ident(
                                Debug,
                            ),
                        ),
                    ),
                ],
            },
        },
    },
)
