---
source: src/rust/type_system/trait_and_lifetime_bounds.rs
expression: "crate::parse::<TypeParamBound<P<Infallible>, SimplePath>>(q.clone())"
---
Ok(
    Tr(
        TraitBound {
            q: false,
            for_lts: Some(
                ForLifetimes {
                    args: GenericParams {
                        params: Interlace {
                            values: [
                                Lt(
                                    Rep(
                                        [],
                                    ),
                                    LifetimeParam {
                                        lt: LifetimeOrLabel {
                                            ident: Ident(
                                                a,
                                            ),
                                        },
                                        bound: None,
                                    },
                                ),
                            ],
                        },
                    },
                },
            ),
            path: HigherOrderPath {
                leading: false,
                segments: Interlace {
                    values: [
                        Bare(
                            Id(
                                Ident(
                                    std,
                                ),
                            ),
                        ),
                        Bare(
                            Id(
                                Ident(
                                    fmt,
                                ),
                            ),
                        ),
                        Bare(
                            Id(
                                Ident(
                                    Debug,
                                ),
                            ),
                        ),
                    ],
                },
            },
        },
    ),
)
