---
source: src/rust/type_system/trait_and_lifetime_bounds.rs
expression: "insta_match_test!(+ parse TypeParamBound<Infallible, SimplePath> : for < 'a >\n    std :: fmt :: Debug)"
---
Ok(
    Tr(
        TraitBound {
            q: false,
            for_lts: Some(
                ForLifetimes {
                    args: GenericParams {
                        params: Interlace {
                            values: [
                                Lt(
                                    [],
                                    LifetimeParam {
                                        lt: LifetimeOrLabel(
                                            Identifier(
                                                Ident(
                                                    a,
                                                ),
                                            ),
                                        ),
                                        bound: None,
                                    },
                                ),
                            ],
                        },
                    },
                },
            ),
            path: HigherOrderPath {
                leading: false,
                segments: Interlace {
                    values: [
                        Bare(
                            Id(
                                Ident(
                                    std,
                                ),
                            ),
                        ),
                        Bare(
                            Id(
                                Ident(
                                    fmt,
                                ),
                            ),
                        ),
                        Bare(
                            Id(
                                Ident(
                                    Debug,
                                ),
                            ),
                        ),
                    ],
                },
            },
        },
    ),
)
